src/components/dashboard/EmailView.tsx(157,17): error TS2322: Type 'string | undefined' is not assignable to type 'string'.
  Type 'undefined' is not assignable to type 'string'.
src/components/dashboard/EmailView.tsx(220,17): error TS2353: Object literal may only specify known properties, and 'primary_action_id' does not exist in type 'AnalysisResult | ((prevState: AnalysisResult | null) => AnalysisResult | null)'.
src/components/dashboard/EmailView.tsx(222,55): error TS2339: Property 'recommendations' does not exist on type 'AnalysisResult'.
src/components/dashboard/EmailView.tsx(271,17): error TS2345: Argument of type 'string | undefined' is not assignable to parameter of type 'string'.
  Type 'undefined' is not assignable to type 'string'.
src/components/dashboard/EmailView.tsx(296,17): error TS2345: Argument of type 'string | undefined' is not assignable to parameter of type 'string'.
  Type 'undefined' is not assignable to type 'string'.
src/components/dashboard/EmailView.tsx(379,17): error TS2322: Type '{ selectedEmail: Email | null; viewMode: "list" | "detail"; setViewMode: Dispatch<SetStateAction<"list" | "detail">>; setShowDelegateModal: Dispatch<...>; ... 19 more ...; isLoadingEmails: boolean; }' is not assignable to type 'IntrinsicAttributes & EmailDetailProps'.
  Property 'setShowContextQuestions' does not exist on type 'IntrinsicAttributes & EmailDetailProps'. Did you mean 'showContextQuestions'?
